The next train to Wangaratta from Condobolin departs at 12:58:26
